B_s=0.3000  y_c=-0.4000  R=0.5000
Rows: 9
--- Row 0 (9 nodes) ---
  (+0.0000, +0.1000)  psi= 63.44 deg
  (+0.0402, +0.0984)  psi= 58.83 deg
  (+0.0801, +0.0935)  psi= 54.22 deg
  (+0.1195, +0.0855)  psi= 49.61 deg
  (+0.1581, +0.0743)  psi= 45.00 deg
  (+0.1957, +0.0601)  psi= 40.39 deg
  (+0.2321, +0.0429)  psi= 35.78 deg
  (+0.2669, +0.0228)  psi= 31.17 deg
  (+0.3000, +0.0000)  psi= 26.57 deg
--- Row 1 (8 nodes) ---
  (+0.0371, +0.1107)  psi= 58.83 deg
  (+0.0781, +0.1061)  psi= 54.22 deg
  (+0.1185, +0.0982)  psi= 49.61 deg
  (+0.1581, +0.0871)  psi= 45.00 deg
  (+0.1967, +0.0728)  psi= 40.39 deg
  (+0.2341, +0.0555)  psi= 35.78 deg
  (+0.2699, +0.0352)  psi= 31.17 deg
  (+0.3040, +0.0121)  psi= 26.57 deg
--- Row 2 (7 nodes) ---
  (+0.0760, +0.1187)  psi= 54.22 deg
  (+0.1174, +0.1109)  psi= 49.61 deg
  (+0.1581, +0.0998)  psi= 45.00 deg
  (+0.1978, +0.0855)  psi= 40.39 deg
  (+0.2361, +0.0680)  psi= 35.78 deg
  (+0.2730, +0.0475)  psi= 31.17 deg
  (+0.3080, +0.0241)  psi= 26.57 deg
--- Row 3 (6 nodes) ---
  (+0.1164, +0.1236)  psi= 49.61 deg
  (+0.1581, +0.1125)  psi= 45.00 deg
  (+0.1988, +0.0982)  psi= 40.39 deg
  (+0.2382, +0.0806)  psi= 35.78 deg
  (+0.2760, +0.0599)  psi= 31.17 deg
  (+0.3121, +0.0362)  psi= 26.57 deg
--- Row 4 (5 nodes) ---
  (+0.1581, +0.1252)  psi= 45.00 deg
  (+0.1998, +0.1108)  psi= 40.39 deg
  (+0.2402, +0.0931)  psi= 35.78 deg
  (+0.2791, +0.0722)  psi= 31.17 deg
  (+0.3161, +0.0483)  psi= 26.57 deg
--- Row 5 (4 nodes) ---
  (+0.2008, +0.1235)  psi= 40.39 deg
  (+0.2422, +0.1057)  psi= 35.78 deg
  (+0.2821, +0.0846)  psi= 31.17 deg
  (+0.3201, +0.0604)  psi= 26.57 deg
--- Row 6 (3 nodes) ---
  (+0.2443, +0.1183)  psi= 35.78 deg
  (+0.2851, +0.0970)  psi= 31.17 deg
  (+0.3241, +0.0724)  psi= 26.57 deg
--- Row 7 (2 nodes) ---
  (+0.2882, +0.1093)  psi= 31.17 deg
  (+0.3282, +0.0845)  psi= 26.57 deg
--- Row 8 (1 nodes) ---
  (+0.3322, +0.0966)  psi= 26.57 deg
